
Red team /Users/eliseygretchko/Repositories/unif/capture-the-flag/baseline_team with {}:
Loading agent team: /Users/eliseygretchko/Repositories/unif/capture-the-flag/baseline_team.py
	Arguments: {}

Blue team agents/DotGobblers/analysis/ResearchTeams/MinimaxV2.py with {}:
Loading agent team: /Users/eliseygretchko/Repositories/unif/capture-the-flag/agents/DotGobblers/analysis/ResearchTeams/MinimaxV2.py
	Arguments: {}
0
1
0
1
3
1
1
2
1
2
1
1
1
2
0
2
2
2
1
1
2
1
2
0
1
1
2
2
1
1
1
1
1
1
1
1
0
2
1
2
1
1
1
1
1
1
0
1
1
0
1
0
2
2
1
0
2
2
1
1
1
0
1
0
1
1
1
1
0
1
{'display': <text_display.NullGraphics object at 0x103933620>, 'red_team_name': 'baseline', 'blue_team_name': 'MinimaxV2', 'agents': [<baseline_team.OffensiveReflexAgent object at 0x103933e00>, <MinimaxV2.MinimaxOffensiveAgent object at 0x1039dc590>, <baseline_team.DefensiveReflexAgent object at 0x1039dc050>, <MinimaxV2.DefensiveReflexAgent object at 0x1039dcad0>], 'layouts': [<layout.Layout object at 0x1039dcd70>, <layout.Layout object at 0x1039b9950>, <layout.Layout object at 0x1039ba0d0>, <layout.Layout object at 0x103947950>, <layout.Layout object at 0x103947a80>, <layout.Layout object at 0x103975370>, <layout.Layout object at 0x1039cd7b0>, <layout.Layout object at 0x1039cd9d0>, <layout.Layout object at 0x10397a550>, <layout.Layout object at 0x10397a850>, <layout.Layout object at 0x1039573e0>, <layout.Layout object at 0x1039575c0>, <layout.Layout object at 0x10394a430>, <layout.Layout object at 0x10394a510>, <layout.Layout object at 0x10393add0>, <layout.Layout object at 0x103b065d0>, <layout.Layout object at 0x103b11a90>, <layout.Layout object at 0x1039da360>, <layout.Layout object at 0x1039da410>, <layout.Layout object at 0x1039da4c0>, <layout.Layout object at 0x1039da570>, <layout.Layout object at 0x1039da620>, <layout.Layout object at 0x1039da6d0>, <layout.Layout object at 0x1039da780>, <layout.Layout object at 0x1039d83c0>, <layout.Layout object at 0x1039d8b50>, <layout.Layout object at 0x1039da830>, <layout.Layout object at 0x1039da8e0>, <layout.Layout object at 0x1039da990>, <layout.Layout object at 0x1039daa40>, <layout.Layout object at 0x1039daaf0>, <layout.Layout object at 0x1039daba0>, <layout.Layout object at 0x1039dac50>, <layout.Layout object at 0x1039dad00>, <layout.Layout object at 0x1039dadb0>, <layout.Layout object at 0x1039dae60>, <layout.Layout object at 0x1039daf10>, <layout.Layout object at 0x1039dafc0>, <layout.Layout object at 0x1039db070>, <layout.Layout object at 0x1039db120>, <layout.Layout object at 0x1039db1d0>, <layout.Layout object at 0x1039db280>, <layout.Layout object at 0x1039db330>, <layout.Layout object at 0x1039db3e0>, <layout.Layout object at 0x1039db490>, <layout.Layout object at 0x1039db540>, <layout.Layout object at 0x1039db5f0>, <layout.Layout object at 0x1039db6a0>, <layout.Layout object at 0x1039db750>, <layout.Layout object at 0x1039db800>, <layout.Layout object at 0x1039db8b0>, <layout.Layout object at 0x1039db960>, <layout.Layout object at 0x1039dba10>, <layout.Layout object at 0x1039dbac0>, <layout.Layout object at 0x1039dbb70>, <layout.Layout object at 0x1039dbc20>, <layout.Layout object at 0x1039dbcd0>, <layout.Layout object at 0x1039dbd80>, <layout.Layout object at 0x1039dbe30>, <layout.Layout object at 0x1039dbee0>, <layout.Layout object at 0x103c18050>, <layout.Layout object at 0x103c18100>, <layout.Layout object at 0x103c181b0>, <layout.Layout object at 0x103c18260>, <layout.Layout object at 0x103c18310>, <layout.Layout object at 0x103c183c0>, <layout.Layout object at 0x103c18470>, <layout.Layout object at 0x103c18520>, <layout.Layout object at 0x103c185d0>, <layout.Layout object at 0x103c18680>], 'length': 1200, 'num_games': 70, 'num_training': 0, 'record': True, 'catch_exceptions': True, 'delay_step': 0.0, 'match_id': 0, 'contest_name': 'MinimaxV2-vs-baseline'}
Blue team starts
Time is up.
The Blue team wins by 21 points.
recorded
Blue team starts
The Blue team has returned at least 28.0 of the opponents' dots.
recorded
Blue team starts
Time is up.
The Blue team wins by 21 points.
recorded
Blue team starts
Time is up.
The Blue team wins by 19 points.
recorded
Blue team starts
The Blue team has returned at least 28.0 of the opponents' dots.
recorded
Red team starts
Time is up.
The Blue team wins by 12 points.
recorded
Blue team starts
Time is up.
The Blue team wins by 11 points.
recorded
Blue team starts
Time is up.
The Blue team wins by 15 points.
recorded
Red team starts
Time is up.
Tie game!
recorded
Red team starts
Time is up.
The Blue team wins by 20 points.
recorded
Red team starts
Time is up.
The Blue team wins by 21 points.
recorded
Red team starts
Time is up.
The Blue team wins by 18 points.
recorded
Blue team starts
The Blue team has returned at least 28.0 of the opponents' dots.
recorded
Blue team starts
Time is up.
The Blue team wins by 17 points.
recorded
Blue team starts
Time is up.
Tie game!
recorded
Blue team starts
Time is up.
The Blue team wins by 27 points.
recorded
Blue team starts
Time is up.
The Blue team wins by 20 points.
recorded
Blue team starts
The Blue team has returned at least 28.0 of the opponents' dots.
recorded
Red team starts
Time is up.
The Blue team wins by 27 points.
recorded
Blue team starts
Time is up.
The Blue team wins by 23 points.
recorded
Red team starts
Time is up.
The Blue team wins by 20 points.
recorded
Blue team starts
Time is up.
The Blue team wins by 9 points.
recorded
Red team starts
The Blue team has returned at least 28.0 of the opponents' dots.
recorded
Red team starts
Time is up.
The Blue team wins by 14 points.
recorded
Red team starts
Time is up.
The Blue team wins by 18 points.
recorded
Blue team starts
Time is up.
The Blue team wins by 27 points.
recorded
Red team starts
Time is up.
The Blue team wins by 17 points.
recorded
Blue team starts
Time is up.
Tie game!
recorded
Red team starts
Time is up.
The Blue team wins by 16 points.
recorded
Blue team starts
Time is up.
The Blue team wins by 27 points.
recorded
Blue team starts
Time is up.
The Blue team wins by 11 points.
recorded
Red team starts
Time is up.
Tie game!
recorded
Red team starts
Time is up.
The Blue team wins by 17 points.
recorded
Red team starts
Time is up.
The Blue team wins by 22 points.
recorded
Blue team starts
Time is up.
The Blue team wins by 25 points.
recorded
Red team starts
The Blue team has returned at least 28.0 of the opponents' dots.
recorded
Blue team starts
Time is up.
The Blue team wins by 13 points.
recorded
Blue team starts
Time is up.
The Blue team wins by 26 points.
recorded
Blue team starts
Time is up.
The Blue team wins by 24 points.
recorded
Blue team starts
Time is up.
The Blue team wins by 27 points.
recorded
Red team starts
Time is up.
The Blue team wins by 6 points.
recorded
Red team starts
Time is up.
The Blue team wins by 1 points.
recorded
Red team starts
The Blue team has returned at least 28.0 of the opponents' dots.
recorded
Red team starts
Time is up.
The Blue team wins by 16 points.
recorded
Red team starts
The Blue team has returned at least 28.0 of the opponents' dots.
recorded
Red team starts
Time is up.
The Blue team wins by 5 points.
recorded
Blue team starts
Time is up.
The Blue team wins by 14 points.
recorded
Blue team starts
Time is up.
The Blue team wins by 24 points.
recorded
Blue team starts
Time is up.
The Blue team wins by 22 points.
recorded
Red team starts
Time is up.
The Blue team wins by 12 points.
recorded
Blue team starts
The Red team has returned at least 28.0 of the opponents' dots.
recorded
Red team starts
Time is up.
The Blue team wins by 19 points.
recorded
Blue team starts
Time is up.
The Blue team wins by 2 points.
recorded
Red team starts
The Blue team has returned at least 28.0 of the opponents' dots.
recorded
Blue team starts
Time is up.
The Blue team wins by 3 points.
recorded
Blue team starts
Time is up.
The Blue team wins by 7 points.
recorded
Red team starts
Time is up.
The Blue team wins by 22 points.
recorded
Red team starts
Time is up.
The Blue team wins by 23 points.
recorded
Blue team starts
Time is up.
The Blue team wins by 19 points.
recorded
Red team starts
Time is up.
The Blue team wins by 15 points.
recorded
Red team starts
Time is up.
The Blue team wins by 19 points.
recorded
Blue team starts
Time is up.
The Blue team wins by 25 points.
recorded
Red team starts
Time is up.
The Blue team wins by 22 points.
recorded
Red team starts
Time is up.
The Blue team wins by 7 points.
recorded
Red team starts
Time is up.
The Blue team wins by 17 points.
recorded
Blue team starts
Time is up.
The Blue team wins by 15 points.
recorded
Blue team starts
Time is up.
The Blue team wins by 25 points.
recorded
Red team starts
Time is up.
The Blue team wins by 27 points.
recorded
Red team starts
Time is up.
The Blue team wins by 13 points.
recorded
Red team starts
Time is up.
The Blue team wins by 27 points.
recorded
Average Score: -17.7
Scores:        -21, -29, -21, -19, -29, -12, -11, -15, 0, -20, -21, -18, -28, -17, 0, -27, -20, -30, -27, -23, -20, -9, -30, -14, -18, -27, -17, 0, -16, -27, -11, 0, -17, -22, -25, -30, -13, -26, -24, -27, -6, -1, -28, -16, -28, -5, -14, -24, -22, -12, 14, -19, -2, -29, -3, -7, -22, -23, -19, -15, -19, -25, -22, -7, -17, -15, -25, -27, -13, -27
Red Win Rate:  1/70 (0.01)
Blue Win Rate: 65/70 (0.93)
Record:        Blue, Blue, Blue, Blue, Blue, Blue, Blue, Blue, Tie, Blue, Blue, Blue, Blue, Blue, Tie, Blue, Blue, Blue, Blue, Blue, Blue, Blue, Blue, Blue, Blue, Blue, Blue, Tie, Blue, Blue, Blue, Tie, Blue, Blue, Blue, Blue, Blue, Blue, Blue, Blue, Blue, Blue, Blue, Blue, Blue, Blue, Blue, Blue, Blue, Blue, Red, Blue, Blue, Blue, Blue, Blue, Blue, Blue, Blue, Blue, Blue, Blue, Blue, Blue, Blue, Blue, Blue, Blue, Blue, Blue

Total Time Game: 347.0
